../Core/Src/lcd.c:14:6:LCD_STM32_CMD	16	static
../Core/Src/lcd.c:21:6:LCD_STM32_BUS	16	static
../Core/Src/lcd.c:37:6:LCD_STM32_INIT	8	static
../Core/Src/lcd.c:56:6:LCD_STM32_SET_CURSOR	24	static
../Core/Src/lcd.c:90:6:LCD_STM32_PRINT_CHAR	24	static
../Core/Src/lcd.c:99:6:LCD_STM32_PRINT_STRING	16	static
../Core/Src/lcd.c:108:6:LCD_STM32_New_Char	32	static
../Core/Src/lcd.c:244:6:LCD_STM32_Print_New_Char	16	static
../Core/Src/lcd.c:250:6:LCD_STM32_Clear	8	static
../Core/Src/lcd.c:255:6:LCD_STM32_Home	8	static
