19:42:52 **** Build of configuration Debug for project 27_DMA_PROYECTO ****
make -j16 all 
arm-none-eabi-gcc "../Core/Src/tim.c" -mcpu=cortex-m4 -std=gnu11 -g3 -DDEBUG -DUSE_HAL_DRIVER -DSTM32F401xE -c -I../Core/Inc -I../Drivers/STM32F4xx_HAL_Driver/Inc -I../Drivers/STM32F4xx_HAL_Driver/Inc/Legacy -I../Drivers/CMSIS/Device/ST/STM32F4xx/Include -I../Drivers/CMSIS/Include -O0 -ffunction-sections -fdata-sections -Wall -fstack-usage -fcyclomatic-complexity -MMD -MP -MF"Core/Src/tim.d" -MT"Core/Src/tim.o" --specs=nano.specs -mfpu=fpv4-sp-d16 -mfloat-abi=hard -mthumb -o "Core/Src/tim.o"
arm-none-eabi-gcc -o "27_DMA_PROYECTO.elf" @"objects.list"   -mcpu=cortex-m4 -T"C:\Users\dg_su\OneDrive - Universidad Tecnologica del Peru\Estudios\Cursos\Microcontroladores\STM32\ESPECIALIZACION_STM32\CODIGO\27_DMA_PROYECTO\STM32F401RETX_FLASH.ld" --specs=nosys.specs -Wl,-Map="27_DMA_PROYECTO.map" -Wl,--gc-sections -static --specs=nano.specs -mfpu=fpv4-sp-d16 -mfloat-abi=hard -mthumb -Wl,--start-group -lc -lm -Wl,--end-group
Finished building target: 27_DMA_PROYECTO.elf
 
arm-none-eabi-size  27_DMA_PROYECTO.elf 
arm-none-eabi-objdump -h -S 27_DMA_PROYECTO.elf  > "27_DMA_PROYECTO.list"
   text	   data	    bss	    dec	    hex	filename
  21760	    100	  10684	  32544	   7f20	27_DMA_PROYECTO.elf
Finished building: default.size.stdout
 
Finished building: 27_DMA_PROYECTO.list
 

19:42:53 Build Finished. 0 errors, 0 warnings. (took 1s.164ms)

