19:42:53 **** Build of configuration Debug for project 29_LOW_POWER_modeSTOP ****
make -j16 all 
arm-none-eabi-gcc "../Core/Src/main.c" -mcpu=cortex-m4 -std=gnu11 -g3 -DDEBUG -DUSE_HAL_DRIVER -DSTM32F401xE -c -I../Core/Inc -I../Drivers/STM32F4xx_HAL_Driver/Inc -I../Drivers/STM32F4xx_HAL_Driver/Inc/Legacy -I../Drivers/CMSIS/Device/ST/STM32F4xx/Include -I../Drivers/CMSIS/Include -O0 -ffunction-sections -fdata-sections -Wall -fstack-usage -fcyclomatic-complexity -MMD -MP -MF"Core/Src/main.d" -MT"Core/Src/main.o" --specs=nano.specs -mfpu=fpv4-sp-d16 -mfloat-abi=hard -mthumb -o "Core/Src/main.o"
../Core/Src/main.c: In function 'main':
../Core/Src/main.c:103:14: warning: pointer targets in assignment from 'char *' to 'uint8_t *' {aka 'unsigned char *'} differ in signedness [-Wpointer-sign]
  103 |    MSG_Stop1 = "entrando al MODO STOP zzz en 5 segunodos\n\r";
      |              ^
../Core/Src/main.c:104:49: warning: pointer targets in passing argument 1 of 'strlen' differ in signedness [-Wpointer-sign]
  104 |    HAL_UART_Transmit(&huart2, MSG_Stop1, strlen(MSG_Stop1),HAL_MAX_DELAY);
      |                                                 ^~~~~~~~~
      |                                                 |
      |                                                 uint8_t * {aka unsigned char *}
In file included from ../Core/Src/main.c:26:
C:\ST\STM32CubeIDE_1.14.0\STM32CubeIDE\plugins\com.st.stm32cube.ide.mcu.externaltools.gnu-tools-for-stm32.11.3.rel1.win32_1.1.100.202309141235\tools\bin/../lib/gcc/arm-none-eabi/11.3.1/../../../../arm-none-eabi/include/string.h:41:18: note: expected 'const char *' but argument is of type 'uint8_t *' {aka 'unsigned char *'}
   41 | size_t   strlen (const char *);
      |                  ^~~~~~~~~~~~
../Core/Src/main.c:123:19: warning: pointer targets in assignment from 'char *' to 'uint8_t *' {aka 'unsigned char *'} differ in signedness [-Wpointer-sign]
  123 |         MSG_Stop2 = "Despertando del STOP Mode con el STM32F4:D\n\r";
      |                   ^
../Core/Src/main.c:124:54: warning: pointer targets in passing argument 1 of 'strlen' differ in signedness [-Wpointer-sign]
  124 |         HAL_UART_Transmit(&huart2, MSG_Stop2, strlen(MSG_Stop2),HAL_MAX_DELAY);
      |                                                      ^~~~~~~~~
      |                                                      |
      |                                                      uint8_t * {aka unsigned char *}
In file included from ../Core/Src/main.c:26:
C:\ST\STM32CubeIDE_1.14.0\STM32CubeIDE\plugins\com.st.stm32cube.ide.mcu.externaltools.gnu-tools-for-stm32.11.3.rel1.win32_1.1.100.202309141235\tools\bin/../lib/gcc/arm-none-eabi/11.3.1/../../../../arm-none-eabi/include/string.h:41:18: note: expected 'const char *' but argument is of type 'uint8_t *' {aka 'unsigned char *'}
   41 | size_t   strlen (const char *);
      |                  ^~~~~~~~~~~~
arm-none-eabi-gcc -o "29_LOW_POWER_modeSTOP.elf" @"objects.list"   -mcpu=cortex-m4 -T"C:\Users\dg_su\OneDrive - Universidad Tecnologica del Peru\Estudios\Cursos\Microcontroladores\STM32\ESPECIALIZACION_STM32\CODIGO\29_LOW_POWER_modeSTOP\STM32F401RETX_FLASH.ld" --specs=nosys.specs -Wl,-Map="29_LOW_POWER_modeSTOP.map" -Wl,--gc-sections -static --specs=nano.specs -mfpu=fpv4-sp-d16 -mfloat-abi=hard -mthumb -Wl,--start-group -lc -lm -Wl,--end-group
Finished building target: 29_LOW_POWER_modeSTOP.elf
 
arm-none-eabi-size  29_LOW_POWER_modeSTOP.elf 
arm-none-eabi-objdump -h -S 29_LOW_POWER_modeSTOP.elf  > "29_LOW_POWER_modeSTOP.list"
   text	   data	    bss	    dec	    hex	filename
  11376	     20	   1652	  13048	   32f8	29_LOW_POWER_modeSTOP.elf
Finished building: default.size.stdout
 
Finished building: 29_LOW_POWER_modeSTOP.list
 

19:42:54 Build Finished. 0 errors, 4 warnings. (took 1s.81ms)

