16:49:58 **** Incremental Build of configuration Debug for project 35_FreeRTOS_Task_LCD ****
make -j16 all 
arm-none-eabi-gcc "../Core/Src/main.c" -mcpu=cortex-m4 -std=gnu11 -g3 -DDEBUG -DUSE_HAL_DRIVER -DSTM32F401xE -c -I"C:/Users/dg_su/OneDrive - Universidad Tecnologica del Peru/Estudios/Cursos/Microcontroladores/STM32/ESPECIALIZACION_STM32/CODIGO/35_FreeRTOS_Task_LCD/Middlewares/Third_Party/FreeRTOS/include" -I"C:/Users/dg_su/OneDrive - Universidad Tecnologica del Peru/Estudios/Cursos/Microcontroladores/STM32/ESPECIALIZACION_STM32/CODIGO/35_FreeRTOS_Task_LCD/Middlewares/Third_Party/FreeRTOS/portable/GCC/ARM_CM4F" -I../Core/Inc -I"C:/Users/dg_su/OneDrive - Universidad Tecnologica del Peru/Estudios/Cursos/Microcontroladores/STM32/ESPECIALIZACION_STM32/CODIGO/35_FreeRTOS_Task_LCD/Middlewares/Third_Party/SEGGER/Config" -I"C:/Users/dg_su/OneDrive - Universidad Tecnologica del Peru/Estudios/Cursos/Microcontroladores/STM32/ESPECIALIZACION_STM32/CODIGO/35_FreeRTOS_Task_LCD/Middlewares/Third_Party/SEGGER/OS" -I"C:/Users/dg_su/OneDrive - Universidad Tecnologica del Peru/Estudios/Cursos/Microcontroladores/STM32/ESPECIALIZACION_STM32/CODIGO/35_FreeRTOS_Task_LCD/Middlewares/Third_Party/SEGGER/SEGGER" -I../Drivers/STM32F4xx_HAL_Driver/Inc -I../Drivers/STM32F4xx_HAL_Driver/Inc/Legacy -I../Drivers/CMSIS/Device/ST/STM32F4xx/Include -I../Drivers/CMSIS/Include -I"C:/Users/dg_su/OneDrive - Universidad Tecnologica del Peru/Estudios/Cursos/Microcontroladores/STM32/ESPECIALIZACION_STM32/CODIGO/35_FreeRTOS_Task_LCD/Middlewares" -O0 -ffunction-sections -fdata-sections -Wall -fstack-usage -fcyclomatic-complexity -MMD -MP -MF"Core/Src/main.d" -MT"Core/Src/main.o" --specs=nano.specs -mfpu=fpv4-sp-d16 -mfloat-abi=hard -mthumb -o "Core/Src/main.o"
../Core/Src/main.c: In function 'vTask_LCD':
../Core/Src/main.c:164:33: warning: pointer targets in passing argument 1 of 'sprintf' differ in signedness [-Wpointer-sign]
  164 |                         sprintf(str_value,"ADC->%04u",value);
      |                                 ^~~~~~~~~
      |                                 |
      |                                 uint8_t * {aka unsigned char *}
In file included from ../Core/Src/main.c:12:
C:\ST\STM32CubeIDE_1.14.0\STM32CubeIDE\plugins\com.st.stm32cube.ide.mcu.externaltools.gnu-tools-for-stm32.11.3.rel1.win32_1.1.100.202309141235\tools\bin/../lib/gcc/arm-none-eabi/11.3.1/../../../../arm-none-eabi/include/stdio.h:254:18: note: expected 'char * restrict' but argument is of type 'uint8_t *' {aka 'unsigned char *'}
  254 | int     sprintf (char *__restrict, const char *__restrict, ...)
      |                  ^
../Core/Src/main.c:166:46: warning: pointer targets in passing argument 1 of 'LCD_I2C_PRINT_STRING' differ in signedness [-Wpointer-sign]
  166 |                         LCD_I2C_PRINT_STRING(str_value);
      |                                              ^~~~~~~~~
      |                                              |
      |                                              uint8_t * {aka unsigned char *}
In file included from ../Core/Src/main.c:19:
../Core/Inc/lcd_i2c.h:43:33: note: expected 'char *' but argument is of type 'uint8_t *' {aka 'unsigned char *'}
   43 | void LCD_I2C_PRINT_STRING(char *a);
      |                           ~~~~~~^
arm-none-eabi-gcc -o "35_FreeRTOS_Task_LCD.elf" @"objects.list"   -mcpu=cortex-m4 -T"C:\Users\dg_su\OneDrive - Universidad Tecnologica del Peru\Estudios\Cursos\Microcontroladores\STM32\ESPECIALIZACION_STM32\CODIGO\35_FreeRTOS_Task_LCD\STM32F401RETX_FLASH.ld" --specs=nosys.specs -Wl,-Map="35_FreeRTOS_Task_LCD.map" -Wl,--gc-sections -static --specs=nano.specs -mfpu=fpv4-sp-d16 -mfloat-abi=hard -mthumb -Wl,--start-group -lc -lm -Wl,--end-group
Finished building target: 35_FreeRTOS_Task_LCD.elf
 
arm-none-eabi-size  35_FreeRTOS_Task_LCD.elf 
arm-none-eabi-objdump -h -S 35_FreeRTOS_Task_LCD.elf  > "35_FreeRTOS_Task_LCD.list"
   text	   data	    bss	    dec	    hex	filename
  30264	    108	  14412	  44784	   aef0	35_FreeRTOS_Task_LCD.elf
Finished building: default.size.stdout
 
Finished building: 35_FreeRTOS_Task_LCD.list
 

16:50:00 Build Finished. 0 errors, 2 warnings. (took 2s.185ms)

