21:14:18 **** Incremental Build of configuration Debug for project 39_FreeRTOS_QueueReferencia ****
make -j16 all 
arm-none-eabi-gcc "../Core/Src/main.c" -mcpu=cortex-m4 -std=gnu11 -g3 -DDEBUG -DUSE_HAL_DRIVER -DSTM32F401xE -c -I"C:/Users/dg_su/OneDrive - Universidad Tecnologica del Peru/Estudios/Cursos/Microcontroladores/STM32/ESPECIALIZACION_STM32/CODIGO/39_FreeRTOS_QueueReferencia/Middlewares/Third_Party/FreeRTOS/include" -I"C:/Users/dg_su/OneDrive - Universidad Tecnologica del Peru/Estudios/Cursos/Microcontroladores/STM32/ESPECIALIZACION_STM32/CODIGO/39_FreeRTOS_QueueReferencia/Middlewares/Third_Party/FreeRTOS/portable/GCC/ARM_CM4F" -I../Core/Inc -I"C:/Users/dg_su/OneDrive - Universidad Tecnologica del Peru/Estudios/Cursos/Microcontroladores/STM32/ESPECIALIZACION_STM32/CODIGO/39_FreeRTOS_QueueReferencia/Middlewares/Third_Party/SEGGER/Config" -I"C:/Users/dg_su/OneDrive - Universidad Tecnologica del Peru/Estudios/Cursos/Microcontroladores/STM32/ESPECIALIZACION_STM32/CODIGO/39_FreeRTOS_QueueReferencia/Middlewares/Third_Party/SEGGER/OS" -I"C:/Users/dg_su/OneDrive - Universidad Tecnologica del Peru/Estudios/Cursos/Microcontroladores/STM32/ESPECIALIZACION_STM32/CODIGO/39_FreeRTOS_QueueReferencia/Middlewares/Third_Party/SEGGER/SEGGER" -I../Drivers/STM32F4xx_HAL_Driver/Inc -I../Drivers/STM32F4xx_HAL_Driver/Inc/Legacy -I../Drivers/CMSIS/Device/ST/STM32F4xx/Include -I../Drivers/CMSIS/Include -I"C:/Users/dg_su/OneDrive - Universidad Tecnologica del Peru/Estudios/Cursos/Microcontroladores/STM32/ESPECIALIZACION_STM32/CODIGO/39_FreeRTOS_QueueReferencia/Middlewares" -O0 -ffunction-sections -fdata-sections -Wall -fstack-usage -fcyclomatic-complexity -MMD -MP -MF"Core/Src/main.d" -MT"Core/Src/main.o" --specs=nano.specs -mfpu=fpv4-sp-d16 -mfloat-abi=hard -mthumb -o "Core/Src/main.o"
../Core/Src/main.c: In function 'vTask2':
../Core/Src/main.c:195:41: warning: pointer targets in passing argument 1 of 'UART_Printf' differ in signedness [-Wpointer-sign]
  195 |                         UART_Printf(data->send_msg);
      |                                     ~~~~^~~~~~~~~~
      |                                         |
      |                                         uint8_t * {aka unsigned char *}
../Core/Src/main.c:62:24: note: expected 'char *' but argument is of type 'uint8_t *' {aka 'unsigned char *'}
   62 | void UART_Printf(char *format,...);
      |                  ~~~~~~^~~~~~
arm-none-eabi-gcc -o "39_FreeRTOS_QueueReferencia.elf" @"objects.list"   -mcpu=cortex-m4 -T"C:\Users\dg_su\OneDrive - Universidad Tecnologica del Peru\Estudios\Cursos\Microcontroladores\STM32\ESPECIALIZACION_STM32\CODIGO\39_FreeRTOS_QueueReferencia\STM32F401RETX_FLASH.ld" --specs=nosys.specs -Wl,-Map="39_FreeRTOS_QueueReferencia.map" -Wl,--gc-sections -static --specs=nano.specs -mfpu=fpv4-sp-d16 -mfloat-abi=hard -mthumb -Wl,--start-group -lc -lm -Wl,--end-group
Finished building target: 39_FreeRTOS_QueueReferencia.elf
 
arm-none-eabi-size  39_FreeRTOS_QueueReferencia.elf 
arm-none-eabi-objdump -h -S 39_FreeRTOS_QueueReferencia.elf  > "39_FreeRTOS_QueueReferencia.list"
   text	   data	    bss	    dec	    hex	filename
  29548	    108	  14276	  43932	   ab9c	39_FreeRTOS_QueueReferencia.elf
Finished building: default.size.stdout
 
Finished building: 39_FreeRTOS_QueueReferencia.list
 

21:14:20 Build Finished. 0 errors, 1 warnings. (took 1s.499ms)

