22:12:34 **** Incremental Build of configuration Debug for project 34_FreeRTOS_Task_Leds ****
make -j16 all 
arm-none-eabi-gcc "../Core/Src/main.c" -mcpu=cortex-m4 -std=gnu11 -g3 -DDEBUG -DUSE_HAL_DRIVER -DSTM32F401xE -c -I"C:/Users/dg_su/OneDrive - Universidad Tecnologica del Peru/Estudios/Cursos/Microcontroladores/STM32/ESPECIALIZACION_STM32/CODIGO/34_FreeRTOS_Task_Leds/Middlewares/Third_Party/FreeRTOS/include" -I"C:/Users/dg_su/OneDrive - Universidad Tecnologica del Peru/Estudios/Cursos/Microcontroladores/STM32/ESPECIALIZACION_STM32/CODIGO/34_FreeRTOS_Task_Leds/Middlewares/Third_Party/FreeRTOS/portable/GCC/ARM_CM4F" -I../Core/Inc -I"C:/Users/dg_su/OneDrive - Universidad Tecnologica del Peru/Estudios/Cursos/Microcontroladores/STM32/ESPECIALIZACION_STM32/CODIGO/34_FreeRTOS_Task_Leds/Middlewares/Third_Party/SEGGER/Config" -I"C:/Users/dg_su/OneDrive - Universidad Tecnologica del Peru/Estudios/Cursos/Microcontroladores/STM32/ESPECIALIZACION_STM32/CODIGO/34_FreeRTOS_Task_Leds/Middlewares/Third_Party/SEGGER/OS" -I"C:/Users/dg_su/OneDrive - Universidad Tecnologica del Peru/Estudios/Cursos/Microcontroladores/STM32/ESPECIALIZACION_STM32/CODIGO/34_FreeRTOS_Task_Leds/Middlewares/Third_Party/SEGGER/SEGGER" -I../Drivers/STM32F4xx_HAL_Driver/Inc -I../Drivers/STM32F4xx_HAL_Driver/Inc/Legacy -I../Drivers/CMSIS/Device/ST/STM32F4xx/Include -I../Drivers/CMSIS/Include -I"C:/Users/dg_su/OneDrive - Universidad Tecnologica del Peru/Estudios/Cursos/Microcontroladores/STM32/ESPECIALIZACION_STM32/CODIGO/34_FreeRTOS_Task_Leds/Middlewares" -O0 -ffunction-sections -fdata-sections -Wall -fstack-usage -fcyclomatic-complexity -MMD -MP -MF"Core/Src/main.d" -MT"Core/Src/main.o" --specs=nano.specs -mfpu=fpv4-sp-d16 -mfloat-abi=hard -mthumb -o "Core/Src/main.o"
arm-none-eabi-gcc -o "34_FreeRTOS_Task_Leds.elf" @"objects.list"   -mcpu=cortex-m4 -T"C:\Users\dg_su\OneDrive - Universidad Tecnologica del Peru\Estudios\Cursos\Microcontroladores\STM32\ESPECIALIZACION_STM32\CODIGO\34_FreeRTOS_Task_Leds\STM32F401RETX_FLASH.ld" --specs=nosys.specs -Wl,-Map="34_FreeRTOS_Task_Leds.map" -Wl,--gc-sections -static --specs=nano.specs -mfpu=fpv4-sp-d16 -mfloat-abi=hard -mthumb -Wl,--start-group -lc -lm -Wl,--end-group
Finished building target: 34_FreeRTOS_Task_Leds.elf
 
arm-none-eabi-size  34_FreeRTOS_Task_Leds.elf 
arm-none-eabi-objdump -h -S 34_FreeRTOS_Task_Leds.elf  > "34_FreeRTOS_Task_Leds.list"
   text	   data	    bss	    dec	    hex	filename
  26428	    108	  14244	  40780	   9f4c	34_FreeRTOS_Task_Leds.elf
Finished building: default.size.stdout
 
Finished building: 34_FreeRTOS_Task_Leds.list
 
22:12:40 **** Incremental Build of configuration Debug for project 34_FreeRTOS_Task_Leds ****
make -j16 all 
arm-none-eabi-size  34_FreeRTOS_Task_Leds.elf 
   text	   data	    bss	    dec	    hex	filename
  26428	    108	  14244	  40780	   9f4c	34_FreeRTOS_Task_Leds.elf
Finished building: default.size.stdout
 
